
C:\GitHub\Quant-ML-Bot\venv\Lib\site-packages\fastapi\testclient.py:1: StarletteDeprecationWarning: Using `httpx` with `starlette.testclient` is deprecated; install `httpx2` instead.
  from starlette.testclient import TestClient as TestClient  # noqa
F.FF..FFF.F
======================================================================
FAIL: test_backtest_tearsheet (test_reports_api.TestReportsApi.test_backtest_tearsheet)
----------------------------------------------------------------------
Traceback (most recent call last):
  File "C:\GitHub\Quant-ML-Bot\docs\audit-2026-09-12\tmpswka7mqa\tests\test_reports_api.py", line 90, in test_backtest_tearsheet
    self.assertEqual(response.status_code, 200)
    ~~~~~~~~~~~~~~~~^^^^^^^^^^^^^^^^^^^^^^^^^^^
AssertionError: 404 != 200

======================================================================
FAIL: test_collinearity_diagnostics (test_reports_api.TestReportsApi.test_collinearity_diagnostics)
----------------------------------------------------------------------
Traceback (most recent call last):
  File "C:\GitHub\Quant-ML-Bot\docs\audit-2026-09-12\tmpswka7mqa\tests\test_reports_api.py", line 65, in test_collinearity_diagnostics
    self.assertEqual(response.status_code, 200)
    ~~~~~~~~~~~~~~~~^^^^^^^^^^^^^^^^^^^^^^^^^^^
AssertionError: 404 != 200

======================================================================
FAIL: test_get_ohlcv_bars (test_reports_api.TestReportsApi.test_get_ohlcv_bars)
----------------------------------------------------------------------
Traceback (most recent call last):
  File "C:\GitHub\Quant-ML-Bot\docs\audit-2026-09-12\tmpswka7mqa\tests\test_reports_api.py", line 33, in test_get_ohlcv_bars
    self.assertEqual(response.status_code, 200)
    ~~~~~~~~~~~~~~~~^^^^^^^^^^^^^^^^^^^^^^^^^^^
AssertionError: 404 != 200

======================================================================
FAIL: test_market_stats (test_reports_api.TestReportsApi.test_market_stats)
----------------------------------------------------------------------
Traceback (most recent call last):
  File "C:\GitHub\Quant-ML-Bot\docs\audit-2026-09-12\tmpswka7mqa\tests\test_reports_api.py", line 49, in test_market_stats
    self.assertEqual(response.status_code, 200)
    ~~~~~~~~~~~~~~~~^^^^^^^^^^^^^^^^^^^^^^^^^^^
AssertionError: 404 != 200

======================================================================
FAIL: test_missing_bars_gaps (test_reports_api.TestReportsApi.test_missing_bars_gaps)
----------------------------------------------------------------------
Traceback (most recent call last):
  File "C:\GitHub\Quant-ML-Bot\docs\audit-2026-09-12\tmpswka7mqa\tests\test_reports_api.py", line 58, in test_missing_bars_gaps
    self.assertEqual(response.status_code, 200)
    ~~~~~~~~~~~~~~~~^^^^^^^^^^^^^^^^^^^^^^^^^^^
AssertionError: 404 != 200

======================================================================
FAIL: test_ml_rundown (test_reports_api.TestReportsApi.test_ml_rundown)
----------------------------------------------------------------------
Traceback (most recent call last):
  File "C:\GitHub\Quant-ML-Bot\docs\audit-2026-09-12\tmpswka7mqa\tests\test_reports_api.py", line 113, in test_ml_rundown
    self.assertEqual(response.status_code, 200)
    ~~~~~~~~~~~~~~~~^^^^^^^^^^^^^^^^^^^^^^^^^^^
AssertionError: 404 != 200

======================================================================
FAIL: test_static_frontend_root (test_reports_api.TestReportsApi.test_static_frontend_root)
----------------------------------------------------------------------
Traceback (most recent call last):
  File "C:\GitHub\Quant-ML-Bot\docs\audit-2026-09-12\tmpswka7mqa\tests\test_reports_api.py", line 125, in test_static_frontend_root
    self.assertEqual(response.status_code, 200)
    ~~~~~~~~~~~~~~~~^^^^^^^^^^^^^^^^^^^^^^^^^^^
AssertionError: 404 != 200

----------------------------------------------------------------------
Ran 11 tests in 0.049s

FAILED (failures=7)
